// Jest Snapshot v1, https://goo.gl/fbAQLP

exports[`LeaderBoardTab renders snapshots 1`] = `
"<div class=\\"ui-provider\\" dir=\\"ltr\\" data-uses-unhanded-props=\\"true\\">
  <div>
    <div class=\\"ui-flex button-footer\\" data-uses-unhanded-props=\\"true\\"><button data-aa-class=\\"Button\\" class=\\"ui-button back-button\\" data-uses-unhanded-props=\\"true\\">
        <div class=\\"ui-box\\" data-uses-unhanded-props=\\"true\\"><span role=\\"img\\" aria-hidden=\\"true\\" class=\\"ui-icon\\"><svg role=\\"presentation\\" focusable=\\"false\\" viewBox=\\"8 8 16 16\\"><path d=\\"M9.1 15.9l4 4c.2.2.5.2.7 0s.2-.5 0-.7L10.7 16h11.8c.3 0 .5-.2.5-.5s-.2-.5-.5-.5H10.7l3.1-3.1c.2-.2.2-.5 0-.7 0-.2-.2-.2-.3-.2s-.3 0-.4.1l-4 4c-.1.2-.1.6 0 .8z\\"></path></svg></span></div><span dir=\\"auto\\" class=\\"ui-button__content\\" data-uses-unhanded-props=\\"true\\">back</span>
      </button><button data-aa-class=\\"Button\\" class=\\"ui-button\\" data-uses-unhanded-props=\\"true\\"><span dir=\\"auto\\" class=\\"ui-button__content\\" data-uses-unhanded-props=\\"true\\">Questions</span></button></div>
    <div class=\\"ui-flex content-items-body\\" data-uses-unhanded-props=\\"true\\"><span class=\\"ui-text\\" dir=\\"auto\\" data-uses-unhanded-props=\\"true\\">points</span></div>
    <div class=\\"ui-flex content-items-body\\" data-uses-unhanded-props=\\"true\\"><span class=\\"ui-text\\" dir=\\"auto\\" data-uses-unhanded-props=\\"true\\">pointsText</span></div>
    <div class=\\"ui-flex\\" data-uses-unhanded-props=\\"true\\">
      <div role=\\"table\\" data-aa-class=\\"Table\\" class=\\"ui-table user-data-table\\" data-testid=\\"leaderboard-table-data\\" data-uses-unhanded-props=\\"true\\">
        <div role=\\"row\\" data-aa-class=\\"TableRow\\" class=\\"ui-table__row ui-table__header\\" data-uses-unhanded-props=\\"true\\">
          <div role=\\"columnheader\\" data-aa-class=\\"TableCell\\" class=\\"ui-table__cell select-all-users\\" data-uses-unhanded-props=\\"true\\">
            <div class=\\"ui-box ui-table__cell__content\\" data-uses-unhanded-props=\\"true\\">
              <div aria-checked=\\"false\\" role=\\"checkbox\\" tabindex=\\"0\\" data-is-focusable=\\"true\\" data-aa-class=\\"Checkbox\\" class=\\"ui-checkbox\\" data-uses-unhanded-props=\\"true\\">
                <div class=\\"ui-box ui-checkbox__indicator\\" data-uses-unhanded-props=\\"true\\"></div>
              </div>
            </div>
          </div>
          <div role=\\"columnheader\\" data-aa-class=\\"TableCell\\" class=\\"ui-table__cell\\" data-uses-unhanded-props=\\"true\\">
            <div class=\\"ui-box ui-table__cell__content\\" data-uses-unhanded-props=\\"true\\"><span class=\\"ui-text user-name-header\\" dir=\\"auto\\" data-uses-unhanded-props=\\"true\\">name</span></div>
          </div>
          <div role=\\"columnheader\\" data-aa-class=\\"TableCell\\" class=\\"ui-table__cell questions-header\\" data-uses-unhanded-props=\\"true\\">
            <div class=\\"ui-box ui-table__cell__content\\" data-uses-unhanded-props=\\"true\\"><span class=\\"ui-text\\" dir=\\"auto\\" data-uses-unhanded-props=\\"true\\">questionsAnsweredRight</span></div>
          </div>
        </div>
      </div>
    </div>
  </div>
</div>"
`;
